append_cflags: checking for whether -std=gnu99 is accepted as CFLAGS... -------------------- yes

PATH=.;../../../../..;D:\msys64\ucrt64\bin;D:\msys64\usr\bin;C:\Users\ChaosMugen\.cargo\bin;D:\msys64\mingw64\bin;D:\msys64\usr\local\bin;D:\msys64\usr\bin;D:\msys64\usr\bin;C:\Windows\System32;C:\Windows;C:\Windows\System32\Wbem;C:\Windows\System32\WindowsPowerShell\v1.0\;D:\msys64\usr\bin\site_perl;D:\msys64\usr\bin\vendor_perl;D:\msys64\usr\bin\core_perl LSAN_OPTIONS=detect_leaks=0 "x86_64-w64-mingw32-cc -o conftest.exe -I../../../../../.ext/include/x64-mingw-ucrt -I../../../../.././include -I../../../../.././.bundle/gems/rbs-3.10.0/ext/rbs_extension -I../../../../../. -I../../../../.././.bundle/gems/rbs-3.10.0/ext/rbs_extension/../../include -D_WIN32_WINNT=0x0600 -D__MINGW_USE_VC2005_COMPAT -D_FILE_OFFSET_BITS=64  -O2 -g conftest.c -L. -L../../../../.. -L. -fstack-protector-strong -Wl,--no-as-needed     -lx64-ucrt-ruby400-static -lgmp -lshell32 -lws2_32 -liphlpapi -limagehlp -lshlwapi -lbcrypt -lntdll -luserenv -ladvapi32   -lshell32 -lws2_32 -liphlpapi -limagehlp -lshlwapi -lbcrypt  "
checked program was:
/* begin */
1: #include "ruby.h"
2: 
3: #include <winsock2.h>
4: #include <windows.h>
5: int main(int argc, char **argv)
6: {
7:   return !!argv[argc];
8: }
/* end */

PATH=.;../../../../..;D:\msys64\ucrt64\bin;D:\msys64\usr\bin;C:\Users\ChaosMugen\.cargo\bin;D:\msys64\mingw64\bin;D:\msys64\usr\local\bin;D:\msys64\usr\bin;D:\msys64\usr\bin;C:\Windows\System32;C:\Windows;C:\Windows\System32\Wbem;C:\Windows\System32\WindowsPowerShell\v1.0\;D:\msys64\usr\bin\site_perl;D:\msys64\usr\bin\vendor_perl;D:\msys64\usr\bin\core_perl LSAN_OPTIONS=detect_leaks=0 "x86_64-w64-mingw32-cc -I../../../../../.ext/include/x64-mingw-ucrt -I../../../../.././include -I../../../../.././.bundle/gems/rbs-3.10.0/ext/rbs_extension -I../../../../../. -I../../../../.././.bundle/gems/rbs-3.10.0/ext/rbs_extension/../../include -D_WIN32_WINNT=0x0600 -D__MINGW_USE_VC2005_COMPAT -D_FILE_OFFSET_BITS=64  -O2 -g  -std=gnu99 -Werror -c conftest.c"
checked program was:
/* begin */
1: #include "ruby.h"
2: 
3: #include <winsock2.h>
4: #include <windows.h>
5: int main(int argc, char **argv)
6: {
7:   return !!argv[argc];
8: }
/* end */

--------------------

append_cflags: checking for whether -Wimplicit-fallthrough is accepted as CFLAGS... -------------------- yes

PATH=.;../../../../..;D:\msys64\ucrt64\bin;D:\msys64\usr\bin;C:\Users\ChaosMugen\.cargo\bin;D:\msys64\mingw64\bin;D:\msys64\usr\local\bin;D:\msys64\usr\bin;D:\msys64\usr\bin;C:\Windows\System32;C:\Windows;C:\Windows\System32\Wbem;C:\Windows\System32\WindowsPowerShell\v1.0\;D:\msys64\usr\bin\site_perl;D:\msys64\usr\bin\vendor_perl;D:\msys64\usr\bin\core_perl LSAN_OPTIONS=detect_leaks=0 "x86_64-w64-mingw32-cc -I../../../../../.ext/include/x64-mingw-ucrt -I../../../../.././include -I../../../../.././.bundle/gems/rbs-3.10.0/ext/rbs_extension -I../../../../../. -I../../../../.././.bundle/gems/rbs-3.10.0/ext/rbs_extension/../../include -D_WIN32_WINNT=0x0600 -D__MINGW_USE_VC2005_COMPAT -D_FILE_OFFSET_BITS=64  -O2 -g -std=gnu99  -Wimplicit-fallthrough -Werror -c conftest.c"
checked program was:
/* begin */
1: #include "ruby.h"
2: 
3: #include <winsock2.h>
4: #include <windows.h>
5: int main(int argc, char **argv)
6: {
7:   return !!argv[argc];
8: }
/* end */

--------------------

append_cflags: checking for whether -Wunused-result is accepted as CFLAGS... -------------------- yes

PATH=.;../../../../..;D:\msys64\ucrt64\bin;D:\msys64\usr\bin;C:\Users\ChaosMugen\.cargo\bin;D:\msys64\mingw64\bin;D:\msys64\usr\local\bin;D:\msys64\usr\bin;D:\msys64\usr\bin;C:\Windows\System32;C:\Windows;C:\Windows\System32\Wbem;C:\Windows\System32\WindowsPowerShell\v1.0\;D:\msys64\usr\bin\site_perl;D:\msys64\usr\bin\vendor_perl;D:\msys64\usr\bin\core_perl LSAN_OPTIONS=detect_leaks=0 "x86_64-w64-mingw32-cc -I../../../../../.ext/include/x64-mingw-ucrt -I../../../../.././include -I../../../../.././.bundle/gems/rbs-3.10.0/ext/rbs_extension -I../../../../../. -I../../../../.././.bundle/gems/rbs-3.10.0/ext/rbs_extension/../../include -D_WIN32_WINNT=0x0600 -D__MINGW_USE_VC2005_COMPAT -D_FILE_OFFSET_BITS=64  -O2 -g -std=gnu99 -Wimplicit-fallthrough  -Wunused-result -Werror -c conftest.c"
checked program was:
/* begin */
1: #include "ruby.h"
2: 
3: #include <winsock2.h>
4: #include <windows.h>
5: int main(int argc, char **argv)
6: {
7:   return !!argv[argc];
8: }
/* end */

--------------------

append_cflags: checking for whether -Wc++-compat is accepted as CFLAGS... -------------------- yes

PATH=.;../../../../..;D:\msys64\ucrt64\bin;D:\msys64\usr\bin;C:\Users\ChaosMugen\.cargo\bin;D:\msys64\mingw64\bin;D:\msys64\usr\local\bin;D:\msys64\usr\bin;D:\msys64\usr\bin;C:\Windows\System32;C:\Windows;C:\Windows\System32\Wbem;C:\Windows\System32\WindowsPowerShell\v1.0\;D:\msys64\usr\bin\site_perl;D:\msys64\usr\bin\vendor_perl;D:\msys64\usr\bin\core_perl LSAN_OPTIONS=detect_leaks=0 "x86_64-w64-mingw32-cc -I../../../../../.ext/include/x64-mingw-ucrt -I../../../../.././include -I../../../../.././.bundle/gems/rbs-3.10.0/ext/rbs_extension -I../../../../../. -I../../../../.././.bundle/gems/rbs-3.10.0/ext/rbs_extension/../../include -D_WIN32_WINNT=0x0600 -D__MINGW_USE_VC2005_COMPAT -D_FILE_OFFSET_BITS=64  -O2 -g -std=gnu99 -Wimplicit-fallthrough -Wunused-result  -Wc++-compat -Werror -c conftest.c"
checked program was:
/* begin */
1: #include "ruby.h"
2: 
3: #include <winsock2.h>
4: #include <windows.h>
5: int main(int argc, char **argv)
6: {
7:   return !!argv[argc];
8: }
/* end */

--------------------

append_cflags: checking for whether -DNDEBUG is accepted as CFLAGS... -------------------- yes

PATH=.;../../../../..;D:\msys64\ucrt64\bin;D:\msys64\usr\bin;C:\Users\ChaosMugen\.cargo\bin;D:\msys64\mingw64\bin;D:\msys64\usr\local\bin;D:\msys64\usr\bin;D:\msys64\usr\bin;C:\Windows\System32;C:\Windows;C:\Windows\System32\Wbem;C:\Windows\System32\WindowsPowerShell\v1.0\;D:\msys64\usr\bin\site_perl;D:\msys64\usr\bin\vendor_perl;D:\msys64\usr\bin\core_perl LSAN_OPTIONS=detect_leaks=0 "x86_64-w64-mingw32-cc -I../../../../../.ext/include/x64-mingw-ucrt -I../../../../.././include -I../../../../.././.bundle/gems/rbs-3.10.0/ext/rbs_extension -I../../../../../. -I../../../../.././.bundle/gems/rbs-3.10.0/ext/rbs_extension/../../include -D_WIN32_WINNT=0x0600 -D__MINGW_USE_VC2005_COMPAT -D_FILE_OFFSET_BITS=64  -O2 -g -std=gnu99 -Wimplicit-fallthrough -Wunused-result -Wc++-compat  -DNDEBUG -Werror -c conftest.c"
checked program was:
/* begin */
1: #include "ruby.h"
2: 
3: #include <winsock2.h>
4: #include <windows.h>
5: int main(int argc, char **argv)
6: {
7:   return !!argv[argc];
8: }
/* end */

--------------------

extconf.h is:
/* begin */
1: #ifndef EXTCONF_H
2: #define EXTCONF_H
3: #endif
/* end */

